
> myfixer-backend@1.0.0 dev
> ts-node-dev --respawn --transpile-only src/server.ts

[INFO] 22:11:34 ts-node-dev ver. 2.0.0 (using ts-node ver. 10.9.2, typescript ver. 5.9.3)
💾 MongoDB Atlas connected successfully
Error: listen EADDRINUSE: address already in use 0.0.0.0:5000
    at Server.setupListenHandle [as _listen2] (node:net:1941:16)
    at listenInCluster (node:net:1998:12)
    at node:net:2207:7
    at processTicksAndRejections (node:internal/process/task_queues:89:21)
[ERROR] 22:11:39 Error: listen EADDRINUSE: address already in use 0.0.0.0:5000
[INFO] 08:59:38 Restarting: C:\myfixer-platform\backend\src\config\redis.ts has been modified
💾 MongoDB Atlas connected successfully
🚀 MyFixer backend running on port 5000
[0mGET /api/health [32m200[0m 15.031 ms - 82[0m
[0mGET /api/v1/admin/overview [33m401[0m 2.266 ms - 31[0m
[0mPOST /api/v1/auth/forgot-password [32m200[0m 449.823 ms - 89[0m
[0mGET /api/health [32m200[0m 0.785 ms - 82[0m
[0mGET /api/v1/admin/overview [33m401[0m 1.819 ms - 31[0m
[0mPOST /api/v1/auth/forgot-password [32m200[0m 403.415 ms - 89[0m
[INFO] 12:02:35 Restarting: C:\myfixer-platform\backend\src\models\market-setting.model.ts has been modified
💾 MongoDB Atlas connected successfully
🚀 MyFixer backend running on port 5000
[INFO] 12:04:20 Restarting: C:\myfixer-platform\backend\src\controllers\admin.controller.ts has been modified
💾 MongoDB Atlas connected successfully
🚀 MyFixer backend running on port 5000
[INFO] 12:04:36 Restarting: C:\myfixer-platform\backend\src\controllers\admin.controller.ts has been modified
💾 MongoDB Atlas connected successfully
🚀 MyFixer backend running on port 5000
[INFO] 12:04:49 Restarting: C:\myfixer-platform\backend\src\controllers\admin.controller.ts has been modified
💾 MongoDB Atlas connected successfully
🚀 MyFixer backend running on port 5000
[INFO] 12:05:30 Restarting: C:\myfixer-platform\backend\src\controllers\admin.controller.ts has been modified
💾 MongoDB Atlas connected successfully
🚀 MyFixer backend running on port 5000
[INFO] 12:05:48 Restarting: C:\myfixer-platform\backend\src\routes\api.routes.ts has been modified
💾 MongoDB Atlas connected successfully
🚀 MyFixer backend running on port 5000
[INFO] 12:06:10 Restarting: C:\myfixer-platform\backend\src\controllers\booking.controller.ts has been modified
💾 MongoDB Atlas connected successfully
🚀 MyFixer backend running on port 5000
[INFO] 12:06:33 Restarting: C:\myfixer-platform\backend\src\models\user.model.ts has been modified
💾 MongoDB Atlas connected successfully
🚀 MyFixer backend running on port 5000
[INFO] 12:06:45 Restarting: C:\myfixer-platform\backend\src\controllers\auth.controller.ts has been modified
💾 MongoDB Atlas connected successfully
🚀 MyFixer backend running on port 5000
[INFO] 12:06:53 Restarting: C:\myfixer-platform\backend\src\controllers\booking.controller.ts has been modified
💾 MongoDB Atlas connected successfully
🚀 MyFixer backend running on port 5000
[INFO] 12:07:05 Restarting: C:\myfixer-platform\backend\src\controllers\booking.controller.ts has been modified
💾 MongoDB Atlas connected successfully
🚀 MyFixer backend running on port 5000
[INFO] 12:07:21 Restarting: C:\myfixer-platform\backend\src\controllers\admin.controller.ts has been modified
💾 MongoDB Atlas connected successfully
🚀 MyFixer backend running on port 5000
[INFO] 12:11:31 Restarting: C:\myfixer-platform\backend\src\models\market-setting.model.ts has been modified
💾 MongoDB Atlas connected successfully
🚀 MyFixer backend running on port 5000
[INFO] 12:11:41 Restarting: C:\myfixer-platform\backend\src\models\market-setting.model.ts has been modified
💾 MongoDB Atlas connected successfully
🚀 MyFixer backend running on port 5000
[INFO] 12:13:08 Restarting: C:\myfixer-platform\backend\src\services\service-availability.service.ts has been modified
💾 MongoDB Atlas connected successfully
🚀 MyFixer backend running on port 5000
[0mGET /api/health [32m200[0m 7.318 ms - 82[0m
[0mGET /api/v1/admin/overview [33m401[0m 2.825 ms - 31[0m
[0mPOST /api/v1/auth/forgot-password [32m200[0m 445.221 ms - 89[0m
[INFO] 14:14:29 Restarting: C:\myfixer-platform\backend\src\services\service-availability.service.ts has been modified
💾 MongoDB Atlas connected successfully
🚀 MyFixer backend running on port 5000
[INFO] 14:22:30 Restarting: C:\myfixer-platform\backend\src\routes\api.routes.ts has been modified
💾 MongoDB Atlas connected successfully
🚀 MyFixer backend running on port 5000
[0mGET /api/health [32m200[0m 8.805 ms - 82[0m
[0mGET /api/v1/admin/overview [33m401[0m 2.897 ms - 31[0m
[0mPOST /api/v1/auth/forgot-password [32m200[0m 458.018 ms - 89[0m
[0mPOST /api/v1/auth/login [32m200[0m 254.063 ms - 852[0m
[0mPOST /api/v1/auth/login [32m200[0m 242.710 ms - 639[0m
[0mPATCH /api/v1/admin/markets/ZM [32m200[0m 594.904 ms - 1592[0m
[0mGET /api/v1/markets/ZM/availability?city=Lusaka&area=QA%20Active%20Area%201782995872931 [32m200[0m 197.076 ms - 386[0m
[0mPOST /api/v1/managed-collections [32m201[0m 1018.962 ms - 1969[0m
[0mPOST /api/v1/auth/login [32m200[0m 241.934 ms - 852[0m
[0mPOST /api/v1/auth/login [32m200[0m 246.599 ms - 639[0m
[0mPATCH /api/v1/admin/markets/ZM [32m200[0m 580.718 ms - 1592[0m
[0mGET /api/v1/markets/ZM/availability?city=Lusaka&area=QA%20Active%20Area%201782996000389 [32m200[0m 185.253 ms - 386[0m
[0mPOST /api/v1/managed-collections [32m201[0m 903.307 ms - 1969[0m
[0mGET /api/v1/admin/managed-collections [32m200[0m 529.931 ms - 4486[0m
[0mPATCH /api/v1/admin/markets/ZM [32m200[0m 543.594 ms - 1607[0m
[0mPOST /api/v1/managed-collections [33m409[0m 353.477 ms - 176[0m
[0mPOST /api/v1/waitlist/service [32m200[0m 555.725 ms - 282[0m
[INFO] 14:51:50 Restarting: C:\myfixer-platform\backend\src\controllers\managed-collection.controller.ts has been modified
💾 MongoDB Atlas connected successfully
🚀 MyFixer backend running on port 5000
[INFO] 14:51:59 Restarting: C:\myfixer-platform\backend\src\controllers\managed-collection.controller.ts has been modified
💾 MongoDB Atlas connected successfully
🚀 MyFixer backend running on port 5000
[INFO] 14:52:48 Restarting: C:\myfixer-platform\backend\src\controllers\managed-collection.controller.ts has been modified
💾 MongoDB Atlas connected successfully
Error: listen EADDRINUSE: address already in use 0.0.0.0:5000
    at Server.setupListenHandle [as _listen2] (node:net:1941:16)
    at listenInCluster (node:net:1998:12)
    at node:net:2207:7
    at processTicksAndRejections (node:internal/process/task_queues:89:21)
[ERROR] 14:52:53 Error: listen EADDRINUSE: address already in use 0.0.0.0:5000
[INFO] 14:53:03 Restarting: C:\myfixer-platform\backend\src\routes\api.routes.ts has been modified
💾 MongoDB Atlas connected successfully
🚀 MyFixer backend running on port 5000
[0mGET /api/health [32m200[0m 4.398 ms - 82[0m
[0mGET /api/v1/admin/overview [33m401[0m 2.464 ms - 31[0m
[0mPOST /api/v1/auth/forgot-password [32m200[0m 431.688 ms - 89[0m
[0mPOST /api/v1/auth/login [32m200[0m 254.204 ms - 856[0m
[0mPOST /api/v1/auth/login [32m200[0m 249.531 ms - 649[0m
[0mPATCH /api/v1/admin/markets/ZM [32m200[0m 582.204 ms - 1270[0m
[0mPOST /api/v1/managed-collections [32m201[0m 1147.323 ms - 2807[0m
[0mGET /api/v1/admin/collection-operations [32m200[0m 763.185 ms - 1717[0m
[0mGET /api/v1/admin/managed-collections/6a4660379c252b915cddaeb6 [32m200[0m 570.403 ms - 2813[0m
[0mPATCH /api/v1/admin/collection-jobs/6a466036c487521c9f1012a5 [32m200[0m 1357.760 ms - 1106[0m
[INFO] 15:01:27 Restarting: C:\myfixer-platform\backend\src\services\email\email.service.ts has been modified
💾 MongoDB Atlas connected successfully
🚀 MyFixer backend running on port 5000
[INFO] 15:03:26 Restarting: C:\myfixer-platform\backend\src\routes\api.routes.ts has been modified
💾 MongoDB Atlas connected successfully
🚀 MyFixer backend running on port 5000
[INFO] 15:03:53 Restarting: C:\myfixer-platform\backend\src\controllers\managed-collection.controller.ts has been modified
💾 MongoDB Atlas connected successfully
🚀 MyFixer backend running on port 5000
[INFO] 15:04:07 Restarting: C:\myfixer-platform\backend\src\controllers\managed-collection.controller.ts has been modified
💾 MongoDB Atlas connected successfully
🚀 MyFixer backend running on port 5000
[INFO] 15:04:24 Restarting: C:\myfixer-platform\backend\src\controllers\managed-collection.controller.ts has been modified
💾 MongoDB Atlas connected successfully
🚀 MyFixer backend running on port 5000
[INFO] 15:04:47 Restarting: C:\myfixer-platform\backend\src\services\notification.service.ts has been modified
💾 MongoDB Atlas connected successfully
🚀 MyFixer backend running on port 5000
[0mGET /api/health [32m200[0m 5.638 ms - 82[0m
[0mGET /api/v1/admin/overview [33m401[0m 1.682 ms - 31[0m
[0mPOST /api/v1/auth/forgot-password [32m200[0m 454.492 ms - 89[0m
[0mPOST /api/v1/auth/login [32m200[0m 263.271 ms - 854[0m
[0mPOST /api/v1/auth/login [32m200[0m 310.669 ms - 647[0m
[0mGET /api/v1/admin/notifications?user=qa.notification.customer [32m200[0m 420.450 ms - 1746[0m
[0mPOST /api/v1/admin/notifications/process-due [32m200[0m 1955.509 ms - 1387[0m
[0mGET /api/v1/notifications [32m200[0m 375.998 ms - 1407[0m
[0mPATCH /api/v1/notifications/6a4662fbcbbb557e1790c917 [32m200[0m 198.287 ms - 732[0m
[0mPATCH /api/v1/notifications/6a4662fbcbbb557e1790c917 [32m200[0m 192.297 ms - 758[0m
[INFO] 15:13:24 Restarting: C:\myfixer-platform\backend\src\routes\api.routes.ts has been modified
💾 MongoDB Atlas connected successfully
🚀 MyFixer backend running on port 5000
[0mGET /api/health [32m200[0m 4.268 ms - 82[0m
[0mGET /api/v1/admin/overview [33m401[0m 1.563 ms - 31[0m
[0mPOST /api/v1/auth/forgot-password [32m200[0m 510.194 ms - 89[0m
[0mPOST /api/v1/auth/login [32m200[0m 263.685 ms - 833[0m
[0mPOST /api/v1/auth/login [32m200[0m 242.370 ms - 626[0m
[0mPOST /api/v1/admin/managed-collection-subscription-plans [32m201[0m 587.990 ms - 437[0m
[0mPOST /api/v1/admin/managed-collection-subscription-plans [32m201[0m 537.909 ms - 451[0m
[0mGET /api/v1/managed-collection-plans?countryCode=ZM [32m200[0m 176.928 ms - 962[0m
[0mPOST /api/v1/managed-collection-subscriptions [32m201[0m 766.360 ms - 1665[0m
[0mPATCH /api/v1/managed-collection-subscriptions/6a466594bf9cb9fc1d6fdbc6 [32m200[0m 583.390 ms - 1055[0m
[0mPATCH /api/v1/managed-collection-subscriptions/6a466594bf9cb9fc1d6fdbc6 [32m200[0m 565.138 ms - 1033[0m
[0mPATCH /api/v1/managed-collection-subscriptions/6a466594bf9cb9fc1d6fdbc6 [32m200[0m 771.541 ms - 1039[0m
[0mGET /api/v1/managed-collection-subscriptions/me [32m200[0m 370.070 ms - 2707[0m
[0mGET /api/v1/admin/managed-collection-subscriptions [32m200[0m 372.988 ms - 3252[0m
[0mPATCH /api/v1/managed-collection-subscriptions/6a466594bf9cb9fc1d6fdbc6 [32m200[0m 566.807 ms - 1064[0m
[INFO] 15:27:29 Restarting: C:\myfixer-platform\backend\src\routes\api.routes.ts has been modified
💾 MongoDB Atlas connected successfully
🚀 MyFixer backend running on port 5000
[INFO] 15:27:41 Restarting: C:\myfixer-platform\backend\src\services\notification.service.ts has been modified
💾 MongoDB Atlas connected successfully
🚀 MyFixer backend running on port 5000
[INFO] 15:28:18 Restarting: C:\myfixer-platform\backend\src\controllers\managed-collection-subscription.controller.ts has been modified
💾 MongoDB Atlas connected successfully
🚀 MyFixer backend running on port 5000
[INFO] 15:28:27 Restarting: C:\myfixer-platform\backend\src\routes\api.routes.ts has been modified
💾 MongoDB Atlas connected successfully
🚀 MyFixer backend running on port 5000
[INFO] 15:28:58 Restarting: C:\myfixer-platform\backend\src\controllers\managed-collection-subscription.controller.ts has been modified
💾 MongoDB Atlas connected successfully
🚀 MyFixer backend running on port 5000
[INFO] 15:29:08 Restarting: C:\myfixer-platform\backend\src\controllers\managed-collection-subscription.controller.ts has been modified
💾 MongoDB Atlas connected successfully
🚀 MyFixer backend running on port 5000
[INFO] 15:29:18 Restarting: C:\myfixer-platform\backend\src\controllers\managed-collection-subscription.controller.ts has been modified
💾 MongoDB Atlas connected successfully
🚀 MyFixer backend running on port 5000
[0mGET /api/health [32m200[0m 6.167 ms - 82[0m
[0mGET /api/v1/admin/overview [33m401[0m 3.447 ms - 31[0m
[0mPOST /api/v1/auth/forgot-password [32m200[0m 464.160 ms - 89[0m
[0mGET /api/health [32m200[0m 0.431 ms - 82[0m
[0mGET /api/v1/admin/overview [33m401[0m 1.538 ms - 31[0m
[0mPOST /api/v1/auth/forgot-password [32m200[0m 370.951 ms - 89[0m
[0mGET /api/health [32m200[0m 0.562 ms - 82[0m
[0mGET /api/v1/admin/overview [33m401[0m 0.292 ms - 31[0m
[0mPOST /api/v1/auth/forgot-password [32m200[0m 375.427 ms - 89[0m
[0mGET /api/health [32m200[0m 0.305 ms - 82[0m
[0mGET /api/v1/admin/overview [33m401[0m 0.265 ms - 31[0m
[0mPOST /api/v1/auth/forgot-password [32m200[0m 352.703 ms - 89[0m
[0mPOST /api/v1/auth/login [32m200[0m 252.146 ms - 803[0m
[0mGET /api/v1/admin/overview [32m200[0m 395.903 ms - 313[0m
[0mGET /api/v1/admin/audit-logs?limit=10 [32m200[0m 386.766 ms - 13983[0m
[0mGET /api/v1/admin/markets [32m200[0m 598.540 ms - 4191[0m
[0mPOST /api/v1/auth/login [32m200[0m 253.066 ms - 578[0m
[0mGET /api/v1/admin/overview [33m403[0m 0.548 ms - 65[0m
[0mGET /api/v1/wallet [33m403[0m 0.956 ms - 65[0m
[0mGET /api/v1/payments/cards [32m200[0m 187.527 ms - 2[0m
[0mPOST /api/v1/auth/login [32m200[0m 435.384 ms - 589[0m
[0mGET /api/v1/payments/cards [33m403[0m 0.633 ms - 65[0m
[0mGET /api/v1/admin/technicians [32m200[0m 576.413 ms - 1808[0m
[0mPATCH /api/v1/admin/technicians/6a45707ca101189db3f6866c/review [32m200[0m 770.479 ms - 1615[0m
[0mPOST /api/v1/bookings [33m409[0m 375.800 ms - 93[0m
[0mPOST /api/v1/bookings//accept [33m404[0m 0.860 ms - 163[0m
[0mPATCH /api/v1/bookings//status [33m404[0m 0.298 ms - 164[0m
[0mPOST /api/v1/bookings//quotes [33m404[0m 0.243 ms - 163[0m
[0mPOST /api/v1/quotes//approve [33m404[0m 0.168 ms - 162[0m
[0mPOST /api/v1/bookings/finalize-invoice [33m400[0m 0.924 ms - 58[0m
[0mGET /api/v1/wallet [32m200[0m 187.827 ms - 163[0m
[0mGET /api/v1/wallet [32m200[0m 188.454 ms - 163[0m
[0mPOST /api/v1/wallet/cashout [32m200[0m 571.345 ms - 126[0m
[0mPOST /api/v1/bookings [33m409[0m 370.103 ms - 93[0m
[0mGET /api/health [32m200[0m 0.331 ms - 82[0m
[0mGET /api/v1/admin/overview [33m401[0m 0.434 ms - 31[0m
[0mPOST /api/v1/auth/forgot-password [32m200[0m 407.326 ms - 89[0m
[INFO] 21:57:04 Restarting: C:\myfixer-platform\backend\src\server.ts has been modified
💾 MongoDB Atlas connected successfully
Error: listen EADDRINUSE: address already in use 0.0.0.0:5000
    at Server.setupListenHandle [as _listen2] (node:net:1941:16)
    at listenInCluster (node:net:1998:12)
    at node:net:2207:7
    at processTicksAndRejections (node:internal/process/task_queues:89:21)
[ERROR] 21:57:12 Error: listen EADDRINUSE: address already in use 0.0.0.0:5000
[INFO] 21:59:24 Restarting: C:\myfixer-platform\backend\src\server.ts has been modified
💾 MongoDB Atlas connected successfully
Error: listen EADDRINUSE: address already in use 0.0.0.0:5000
    at Server.setupListenHandle [as _listen2] (node:net:1941:16)
    at listenInCluster (node:net:1998:12)
    at node:net:2207:7
    at processTicksAndRejections (node:internal/process/task_queues:89:21)
[ERROR] 21:59:34 Error: listen EADDRINUSE: address already in use 0.0.0.0:5000
[INFO] 23:09:45 Restarting: C:\myfixer-platform\backend\src\controllers\auth.controller.ts has been modified
[INFO] 23:09:49 Restarting: C:\myfixer-platform\backend\src\controllers\auth.controller.ts has been modified
💾 MongoDB Atlas connected successfully
🚀 MyFixer backend running on port 5000
[INFO] 23:17:30 Restarting: C:\myfixer-platform\backend\src\controllers\auth.controller.ts has been modified
💾 MongoDB Atlas connected successfully
🚀 MyFixer backend running on port 5000
[INFO] 23:17:46 Restarting: C:\myfixer-platform\backend\src\controllers\auth.controller.ts has been modified
💾 MongoDB Atlas connected successfully
🚀 MyFixer backend running on port 5000
🔌 Socket connected: yfAqYk8UDaIzj7NTAAAB as technician
🛑 Technician connection severed: yfAqYk8UDaIzj7NTAAAB (transport close)
[0mGET /api/v1/admin/bookings?limit=100 [32m200[0m 452.621 ms - 660[0m
[0mGET /api/v1/admin/managed-collection-subscriptions [32m200[0m 486.312 ms - 639[0m
[0mGET /api/v1/admin/collection-operations [32m200[0m 832.141 ms - 905[0m
[0mGET /api/v1/admin/managed-collections [32m200[0m 825.700 ms - 630[0m
[0mGET /api/v1/admin/technicians [32m200[0m 884.418 ms - 1356[0m
[0mGET /api/v1/admin/quotes?limit=100 [32m200[0m 552.399 ms - 28[0m
[0mGET /api/v1/admin/notifications [32m200[0m 594.097 ms - 401[0m
[0mGET /api/v1/admin/wallet-transactions?limit=100 [32m200[0m 377.285 ms - 34[0m
[0mGET /api/v1/admin/invoices?limit=100 [32m200[0m 388.938 ms - 30[0m
[0mGET /api/v1/admin/users [32m200[0m 383.960 ms - 1772[0m
[0mGET /api/v1/admin/markets [32m200[0m 592.762 ms - 4191[0m
[0mGET /api/v1/admin/audit-logs?limit=100 [32m200[0m 622.535 ms - 38315[0m
[0mGET /api/v1/admin/overview [32m200[0m 1824.840 ms - 245[0m
[0mPOST /api/v1/auth/login [32m200[0m 457.012 ms - 732[0m
🔌 Socket connected: g2DbhxR_Bbmtxc7KAAAD as technician
[0mPOST /api/v1/auth/login [32m200[0m 263.376 ms - 562[0m
[0mGET /api/v1/markets/ZA/availability?city=Centurion [32m200[0m 198.149 ms - 985[0m
[0mPOST /api/v1/bookings [32m201[0m 599.552 ms - 140[0m
🔌 Socket connected: ImIutOO5i1gSwKo5AAAF as customer
📡 Client registered inside tracking viewport room: booking:6a46d76ba4843a62156fff55
[INFO] 23:40:38 Restarting: C:\myfixer-platform\backend\src\controllers\auth.controller.ts has been modified
💾 MongoDB Atlas connected successfully
🚀 MyFixer backend running on port 5000
[0mGET /api/health [32m200[0m 19.653 ms - 82[0m
[0mGET /api/v1/admin/overview [33m401[0m 3.091 ms - 31[0m
[0mPOST /api/v1/auth/forgot-password [32m200[0m 439.836 ms - 89[0m
[0mGET /api/health [32m200[0m 0.435 ms - 82[0m
[0mGET /api/v1/admin/overview [33m401[0m 1.792 ms - 31[0m
[0mPOST /api/v1/auth/forgot-password [32m200[0m 355.761 ms - 89[0m
[0mPOST /api/v1/auth/login [33m401[0m 186.595 ms - 49[0m
[0mPOST /api/v1/auth/login [33m401[0m 173.949 ms - 49[0m
[0mPOST /api/v1/auth/login [33m401[0m 187.816 ms - 49[0m
[0mPOST /api/v1/auth/login [32m200[0m 438.380 ms - 774[0m
🔌 Socket connected: vaBebhmAPqbQPYQmAAAB as technician
[0mPOST /api/v1/auth/login [32m200[0m 244.630 ms - 583[0m
[0mGET /api/v1/markets/ZA/availability?city=Centurion [36m304[0m 178.487 ms - -[0m
[0mPOST /api/v1/waitlist/service [32m200[0m 573.145 ms - 259[0m
[0mPOST /api/v1/waitlist/service [32m200[0m 555.431 ms - 259[0m
[0mPOST /api/v1/bookings [32m201[0m 546.758 ms - 140[0m
🔌 Socket connected: DMWrePHu72Pj7GnFAAAD as customer
📡 Client registered inside tracking viewport room: booking:6a46de983a866f9c9eca2d1b
🛑 Technician connection severed: vaBebhmAPqbQPYQmAAAB (client namespace disconnect)
[INFO] 00:14:27 Restarting: C:\myfixer-platform\backend\src\sockets\socket.server.ts has been modified
💾 MongoDB Atlas connected successfully
Error: listen EADDRINUSE: address already in use 0.0.0.0:5000
    at Server.setupListenHandle [as _listen2] (node:net:1941:16)
    at listenInCluster (node:net:1998:12)
    at node:net:2207:7
    at processTicksAndRejections (node:internal/process/task_queues:89:21)
[ERROR] 00:14:35 Error: listen EADDRINUSE: address already in use 0.0.0.0:5000
[INFO] 00:14:53 Restarting: C:\myfixer-platform\backend\src\sockets\tech.socket.ts has been modified
💾 MongoDB Atlas connected successfully
🚀 MyFixer backend running on port 5000
[tech-socket-debug] backend socket connection received {
  socketId: 'fTtQ6GUuqu84c1EmAAAB',
  role: 'customer',
  technicianId: '',
  host: '192.168.3.34:5000'
}
🔌 Socket connected: fTtQ6GUuqu84c1EmAAAB as customer
[INFO] 00:15:13 Restarting: C:\myfixer-platform\backend\src\controllers\booking.controller.ts has been modified
💾 MongoDB Atlas connected successfully
🚀 MyFixer backend running on port 5000
[tech-socket-debug] backend socket connection received {
  socketId: 'z82eFlg_lhwuaNTgAAAB',
  role: 'customer',
  technicianId: '',
  host: '192.168.3.34:5000'
}
🔌 Socket connected: z82eFlg_lhwuaNTgAAAB as customer
[0mGET /api/health [32m200[0m 5.964 ms - 82[0m
[0mGET /api/v1/admin/overview [33m401[0m 4.119 ms - 31[0m
[0mPOST /api/v1/auth/forgot-password [32m200[0m 461.428 ms - 89[0m
[INFO] 10:16:07 Restarting: C:\myfixer-platform\backend\src\services\matching.service.ts has been modified
💾 MongoDB Atlas connected successfully
🚀 MyFixer backend running on port 5000
[INFO] 10:16:21 Restarting: C:\myfixer-platform\backend\src\services\matching.service.ts has been modified
💾 MongoDB Atlas connected successfully
🚀 MyFixer backend running on port 5000
[INFO] 10:17:29 Restarting: C:\myfixer-platform\backend\src\controllers\booking.controller.ts has been modified
Error: Cannot find module '/../services/matching.service'
Require stack:
- C:\myfixer-platform\backend\src\controllers\booking.controller.ts
- C:\myfixer-platform\backend\src\routes\api.routes.ts
- C:\myfixer-platform\backend\src\server.ts
    at Function._resolveFilename (node:internal/modules/cjs/loader:1430:15)
    at defaultResolveImpl (node:internal/modules/cjs/loader:1040:19)
    at resolveForCJSWithHooks (node:internal/modules/cjs/loader:1045:22)
    at Function._load (node:internal/modules/cjs/loader:1216:25)
    at wrapModuleLoad (node:internal/modules/cjs/loader:254:19)
    at Module.require (node:internal/modules/cjs/loader:1527:12)
    at require (node:internal/modules/helpers:147:16)
    at Object.<anonymous> (C:\myfixer-platform\backend\src\controllers\booking.controller.ts:7:1)
    at Module.<anonymous> (node:internal/modules/cjs/loader:1781:14)
    at Module._compile (C:\myfixer-platform\backend\node_modules\source-map-support\source-map-support.js:568:25)
[ERROR] 10:17:33 Error: Cannot find module '/../services/matching.service'
Require stack:
- C:\myfixer-platform\backend\src\controllers\booking.controller.ts
- C:\myfixer-platform\backend\src\routes\api.routes.ts
- C:\myfixer-platform\backend\src\server.ts
[INFO] 10:18:01 Restarting: C:\myfixer-platform\backend\src\controllers\booking.controller.ts has been modified
[INFO] 10:18:06 Restarting: C:\myfixer-platform\backend\src\controllers\booking.controller.ts has been modified
💾 MongoDB Atlas connected successfully
🚀 MyFixer backend running on port 5000
Error: Cannot find module './services/matching.service'
Require stack:
- C:\myfixer-platform\backend\src\controllers\booking.controller.ts
- C:\myfixer-platform\backend\src\routes\api.routes.ts
- C:\myfixer-platform\backend\src\server.ts
    at Function._resolveFilename (node:internal/modules/cjs/loader:1430:15)
    at defaultResolveImpl (node:internal/modules/cjs/loader:1040:19)
    at resolveForCJSWithHooks (node:internal/modules/cjs/loader:1045:22)
    at Function._load (node:internal/modules/cjs/loader:1216:25)
    at wrapModuleLoad (node:internal/modules/cjs/loader:254:19)
    at Module.require (node:internal/modules/cjs/loader:1527:12)
    at require (node:internal/modules/helpers:147:16)
    at Object.<anonymous> (C:\myfixer-platform\backend\src\controllers\booking.controller.ts:7:1)
    at Module.<anonymous> (node:internal/modules/cjs/loader:1781:14)
    at Module._compile (C:\myfixer-platform\backend\node_modules\source-map-support\source-map-support.js:568:25)
[ERROR] 10:18:10 Error: Cannot find module './services/matching.service'
Require stack:
- C:\myfixer-platform\backend\src\controllers\booking.controller.ts
- C:\myfixer-platform\backend\src\routes\api.routes.ts
- C:\myfixer-platform\backend\src\server.ts
[INFO] 10:18:11 Restarting: C:\myfixer-platform\backend\src\controllers\booking.controller.ts has been modified
Error: Cannot find module '/services/matching.service'
Require stack:
- C:\myfixer-platform\backend\src\controllers\booking.controller.ts
- C:\myfixer-platform\backend\src\routes\api.routes.ts
- C:\myfixer-platform\backend\src\server.ts
    at Function._resolveFilename (node:internal/modules/cjs/loader:1430:15)
    at defaultResolveImpl (node:internal/modules/cjs/loader:1040:19)
    at resolveForCJSWithHooks (node:internal/modules/cjs/loader:1045:22)
    at Function._load (node:internal/modules/cjs/loader:1216:25)
    at wrapModuleLoad (node:internal/modules/cjs/loader:254:19)
    at Module.require (node:internal/modules/cjs/loader:1527:12)
    at require (node:internal/modules/helpers:147:16)
    at Object.<anonymous> (C:\myfixer-platform\backend\src\controllers\booking.controller.ts:7:1)
    at Module.<anonymous> (node:internal/modules/cjs/loader:1781:14)
    at Module._compile (C:\myfixer-platform\backend\node_modules\source-map-support\source-map-support.js:568:25)
[ERROR] 10:18:13 Error: Cannot find module '/services/matching.service'
Require stack:
- C:\myfixer-platform\backend\src\controllers\booking.controller.ts
- C:\myfixer-platform\backend\src\routes\api.routes.ts
- C:\myfixer-platform\backend\src\server.ts
[INFO] 10:18:30 Restarting: C:\myfixer-platform\backend\src\controllers\booking.controller.ts has been modified
Error: Cannot find module 'services/matching.service'
Require stack:
- C:\myfixer-platform\backend\src\controllers\booking.controller.ts
- C:\myfixer-platform\backend\src\routes\api.routes.ts
- C:\myfixer-platform\backend\src\server.ts
    at Function._resolveFilename (node:internal/modules/cjs/loader:1430:15)
    at defaultResolveImpl (node:internal/modules/cjs/loader:1040:19)
    at resolveForCJSWithHooks (node:internal/modules/cjs/loader:1045:22)
    at Function._load (node:internal/modules/cjs/loader:1216:25)
    at wrapModuleLoad (node:internal/modules/cjs/loader:254:19)
    at Module.require (node:internal/modules/cjs/loader:1527:12)
    at require (node:internal/modules/helpers:147:16)
    at Object.<anonymous> (C:\myfixer-platform\backend\src\controllers\booking.controller.ts:7:1)
    at Module.<anonymous> (node:internal/modules/cjs/loader:1781:14)
    at Module._compile (C:\myfixer-platform\backend\node_modules\source-map-support\source-map-support.js:568:25)
[ERROR] 10:18:32 Error: Cannot find module 'services/matching.service'
Require stack:
- C:\myfixer-platform\backend\src\controllers\booking.controller.ts
- C:\myfixer-platform\backend\src\routes\api.routes.ts
- C:\myfixer-platform\backend\src\server.ts
[INFO] 10:19:05 Restarting: C:\myfixer-platform\backend\src\controllers\booking.controller.ts has been modified
Error: Cannot find module '/matching.service'
Require stack:
- C:\myfixer-platform\backend\src\controllers\booking.controller.ts
- C:\myfixer-platform\backend\src\routes\api.routes.ts
- C:\myfixer-platform\backend\src\server.ts
    at Function._resolveFilename (node:internal/modules/cjs/loader:1430:15)
    at defaultResolveImpl (node:internal/modules/cjs/loader:1040:19)
    at resolveForCJSWithHooks (node:internal/modules/cjs/loader:1045:22)
    at Function._load (node:internal/modules/cjs/loader:1216:25)
    at wrapModuleLoad (node:internal/modules/cjs/loader:254:19)
    at Module.require (node:internal/modules/cjs/loader:1527:12)
    at require (node:internal/modules/helpers:147:16)
    at Object.<anonymous> (C:\myfixer-platform\backend\src\controllers\booking.controller.ts:7:1)
    at Module.<anonymous> (node:internal/modules/cjs/loader:1781:14)
    at Module._compile (C:\myfixer-platform\backend\node_modules\source-map-support\source-map-support.js:568:25)
[ERROR] 10:19:08 Error: Cannot find module '/matching.service'
Require stack:
- C:\myfixer-platform\backend\src\controllers\booking.controller.ts
- C:\myfixer-platform\backend\src\routes\api.routes.ts
- C:\myfixer-platform\backend\src\server.ts
[INFO] 10:19:08 Restarting: C:\myfixer-platform\backend\src\controllers\booking.controller.ts has been modified
Error: Cannot find module '../matching.service'
Require stack:
- C:\myfixer-platform\backend\src\controllers\booking.controller.ts
- C:\myfixer-platform\backend\src\routes\api.routes.ts
- C:\myfixer-platform\backend\src\server.ts
    at Function._resolveFilename (node:internal/modules/cjs/loader:1430:15)
    at defaultResolveImpl (node:internal/modules/cjs/loader:1040:19)
    at resolveForCJSWithHooks (node:internal/modules/cjs/loader:1045:22)
    at Function._load (node:internal/modules/cjs/loader:1216:25)
    at wrapModuleLoad (node:internal/modules/cjs/loader:254:19)
    at Module.require (node:internal/modules/cjs/loader:1527:12)
    at require (node:internal/modules/helpers:147:16)
    at Object.<anonymous> (C:\myfixer-platform\backend\src\controllers\booking.controller.ts:7:1)
    at Module.<anonymous> (node:internal/modules/cjs/loader:1781:14)
    at Module._compile (C:\myfixer-platform\backend\node_modules\source-map-support\source-map-support.js:568:25)
[ERROR] 10:19:11 Error: Cannot find module '../matching.service'
Require stack:
- C:\myfixer-platform\backend\src\controllers\booking.controller.ts
- C:\myfixer-platform\backend\src\routes\api.routes.ts
- C:\myfixer-platform\backend\src\server.ts
[INFO] 10:19:17 Restarting: C:\myfixer-platform\backend\src\controllers\booking.controller.ts has been modified
Error: Cannot find module '..services'
Require stack:
- C:\myfixer-platform\backend\src\controllers\booking.controller.ts
- C:\myfixer-platform\backend\src\routes\api.routes.ts
- C:\myfixer-platform\backend\src\server.ts
    at Function._resolveFilename (node:internal/modules/cjs/loader:1430:15)
    at defaultResolveImpl (node:internal/modules/cjs/loader:1040:19)
    at resolveForCJSWithHooks (node:internal/modules/cjs/loader:1045:22)
    at Function._load (node:internal/modules/cjs/loader:1216:25)
    at wrapModuleLoad (node:internal/modules/cjs/loader:254:19)
    at Module.require (node:internal/modules/cjs/loader:1527:12)
    at require (node:internal/modules/helpers:147:16)
    at Object.<anonymous> (C:\myfixer-platform\backend\src\controllers\booking.controller.ts:7:1)
    at Module.<anonymous> (node:internal/modules/cjs/loader:1781:14)
    at Module._compile (C:\myfixer-platform\backend\node_modules\source-map-support\source-map-support.js:568:25)
[ERROR] 10:19:20 Error: Cannot find module '..services'
Require stack:
- C:\myfixer-platform\backend\src\controllers\booking.controller.ts
- C:\myfixer-platform\backend\src\routes\api.routes.ts
- C:\myfixer-platform\backend\src\server.ts
[INFO] 10:19:20 Restarting: C:\myfixer-platform\backend\src\controllers\booking.controller.ts has been modified
Error: Cannot find module '..services/matching.service'
Require stack:
- C:\myfixer-platform\backend\src\controllers\booking.controller.ts
- C:\myfixer-platform\backend\src\routes\api.routes.ts
- C:\myfixer-platform\backend\src\server.ts
    at Function._resolveFilename (node:internal/modules/cjs/loader:1430:15)
    at defaultResolveImpl (node:internal/modules/cjs/loader:1040:19)
    at resolveForCJSWithHooks (node:internal/modules/cjs/loader:1045:22)
    at Function._load (node:internal/modules/cjs/loader:1216:25)
    at wrapModuleLoad (node:internal/modules/cjs/loader:254:19)
    at Module.require (node:internal/modules/cjs/loader:1527:12)
    at require (node:internal/modules/helpers:147:16)
    at Object.<anonymous> (C:\myfixer-platform\backend\src\controllers\booking.controller.ts:7:1)
    at Module.<anonymous> (node:internal/modules/cjs/loader:1781:14)
    at Module._compile (C:\myfixer-platform\backend\node_modules\source-map-support\source-map-support.js:568:25)
[ERROR] 10:19:23 Error: Cannot find module '..services/matching.service'
Require stack:
- C:\myfixer-platform\backend\src\controllers\booking.controller.ts
- C:\myfixer-platform\backend\src\routes\api.routes.ts
- C:\myfixer-platform\backend\src\server.ts
[INFO] 10:26:12 Restarting: C:\myfixer-platform\backend\src\controllers\booking.controller.ts has been modified
💾 MongoDB Atlas connected successfully
🚀 MyFixer backend running on port 5000
[INFO] 10:53:55 Restarting: C:\myfixer-platform\backend\src\server.ts has been modified
💾 MongoDB Atlas connected successfully
🚀 MyFixer backend running on port 5000
[INFO] 11:33:27 Restarting: C:\myfixer-platform\backend\src\services\email\email.service.ts has been modified
node:internal/modules/cjs/loader:1433
  throw err;
  ^

Error: Cannot find module 'C:/myfixer-platform/backend/node_modules/ts-node-dev/lib/get-compiled-path'
Require stack:
- C:\Users\Drew\AppData\Local\Temp\ts-node-dev-hook-5742207259656957.js
- internal/preload
    at Function._resolveFilename (node:internal/modules/cjs/loader:1430:15)
    at defaultResolveImpl (node:internal/modules/cjs/loader:1040:19)
    at resolveForCJSWithHooks (node:internal/modules/cjs/loader:1045:22)
    at Function._load (node:internal/modules/cjs/loader:1216:25)
    at wrapModuleLoad (node:internal/modules/cjs/loader:254:19)
    at Module.require (node:internal/modules/cjs/loader:1527:12)
    at require (node:internal/modules/helpers:147:16)
    at Object.<anonymous> (C:\Users\Drew\AppData\Local\Temp\ts-node-dev-hook-5742207259656957.js:3:23)
    at Module._compile (node:internal/modules/cjs/loader:1781:14)
    at Object..js (node:internal/modules/cjs/loader:1913:10) {
  code: 'MODULE_NOT_FOUND',
  requireStack: [
    'C:\\Users\\Drew\\AppData\\Local\\Temp\\ts-node-dev-hook-5742207259656957.js',
    'internal/preload'
  ]
}

Node.js v22.23.0
